<?xml version="1.0" encoding="UTF-8"?>
<testsuites name="jest tests" tests="213" failures="0" errors="0" time="10.814">
  <testsuite name="auto-open partial-failure recovery" errors="0" failures="0" skipped="0" timestamp="2026-06-13T21:01:39" time="2.321" tests="4">
    <testcase classname="auto-open partial-failure recovery artifact list fails once then succeeds (worker retry)" name="auto-open partial-failure recovery artifact list fails once then succeeds (worker retry)" time="0.017">
    </testcase>
    <testcase classname="auto-open partial-failure recovery artifact zip download fails once then succeeds (worker retry)" name="auto-open partial-failure recovery artifact zip download fails once then succeeds (worker retry)" time="0.001">
    </testcase>
    <testcase classname="auto-open partial-failure recovery artifact zip permanently fails -&gt; job final failure checkpointed" name="auto-open partial-failure recovery artifact zip permanently fails -&gt; job final failure checkpointed" time="1.925">
    </testcase>
    <testcase classname="auto-open partial-failure recovery duplicate job submitted -&gt; dedupe prevents duplicate side-effects" name="auto-open partial-failure recovery duplicate job submitted -&gt; dedupe prevents duplicate side-effects" time="0">
    </testcase>
  </testsuite>
  <testsuite name="worker retry behavior" errors="0" failures="0" skipped="0" timestamp="2026-06-13T21:01:42" time="1.988" tests="2">
    <testcase classname="worker retry behavior retries transient failures and succeeds before maxAttempts" name="worker retry behavior retries transient failures and succeeds before maxAttempts" time="1.29">
    </testcase>
    <testcase classname="worker retry behavior fails permanently after maxAttempts exhausted" name="worker retry behavior fails permanently after maxAttempts exhausted" time="0.653">
    </testcase>
  </testsuite>
  <testsuite name="Session history UI" errors="0" failures="0" skipped="0" timestamp="2026-06-13T21:01:44" time="1.138" tests="6">
    <testcase classname="Session history UI shows loading state then renders rows" name="Session history UI shows loading state then renders rows" time="0.361">
    </testcase>
    <testcase classname="Session history UI empty state when no events" name="Session history UI empty state when no events" time="0.368">
    </testcase>
    <testcase classname="Session history UI error state when API returns ok:false" name="Session history UI error state when API returns ok:false" time="0.353">
    </testcase>
    <testcase classname="Session history UI debounces session input ~300ms" name="Session history UI debounces session input ~300ms" time="0.005">
    </testcase>
    <testcase classname="Session history UI export buttons and URLs include session and limit" name="Session history UI export buttons and URLs include session and limit" time="0.003">
    </testcase>
    <testcase classname="Session history UI empty session filter omits session param" name="Session history UI empty session filter omits session param" time="0.002">
    </testcase>
  </testsuite>
  <testsuite name="live session UI" errors="0" failures="0" skipped="0" timestamp="2026-06-13T21:01:45" time="0.471" tests="1">
    <testcase classname="live session UI ui smoke" name="live session UI ui smoke" time="0.125">
    </testcase>
  </testsuite>
  <testsuite name="supabaseAdapter" errors="0" failures="0" skipped="0" timestamp="2026-06-13T21:01:45" time="0.361" tests="3">
    <testcase classname="supabaseAdapter flushes a single event when flushSize=1" name="supabaseAdapter flushes a single event when flushSize=1" time="0.111">
    </testcase>
    <testcase classname="supabaseAdapter retries on transient insert error then succeeds" name="supabaseAdapter retries on transient insert error then succeeds" time="0.206">
    </testcase>
    <testcase classname="supabaseAdapter recordSessionStep inserts into session_history" name="supabaseAdapter recordSessionStep inserts into session_history" time="0.001">
    </testcase>
  </testsuite>
  <testsuite name="Student dashboard filters" errors="0" failures="0" skipped="0" timestamp="2026-06-13T21:01:46" time="0.185" tests="11">
    <testcase classname="Student dashboard filters initially renders 17 cards" name="Student dashboard filters initially renders 17 cards" time="0.024">
    </testcase>
    <testcase classname="Student dashboard filters search filter reduces results correctly" name="Student dashboard filters search filter reduces results correctly" time="0.012">
    </testcase>
    <testcase classname="Student dashboard filters category filter updates card count" name="Student dashboard filters category filter updates card count" time="0.009">
    </testcase>
    <testcase classname="Student dashboard filters difficulty filter works independently" name="Student dashboard filters difficulty filter works independently" time="0.009">
    </testcase>
    <testcase classname="Student dashboard filters combined filters work together" name="Student dashboard filters combined filters work together" time="0.01">
    </testcase>
    <testcase classname="Student dashboard filters ASE filter works or gracefully ignores missing ASE metadata" name="Student dashboard filters ASE filter works or gracefully ignores missing ASE metadata" time="0.007">
    </testcase>
    <testcase classname="Student dashboard filters result counter updates correctly and empty state appears when 0 results" name="Student dashboard filters result counter updates correctly and empty state appears when 0 results" time="0.012">
    </testcase>
    <testcase classname="Student dashboard filters reset filters button restores all cards after empty state" name="Student dashboard filters reset filters button restores all cards after empty state" time="0.028">
    </testcase>
    <testcase classname="Student dashboard filters clearing filters restores all 17 cards" name="Student dashboard filters clearing filters restores all 17 cards" time="0.01">
    </testcase>
    <testcase classname="Student dashboard filters keyboard accessibility still works after filtering" name="Student dashboard filters keyboard accessibility still works after filtering" time="0.011">
    </testcase>
    <testcase classname="Student dashboard filters rapid typing does not duplicate cards or leak DOM nodes" name="Student dashboard filters rapid typing does not duplicate cards or leak DOM nodes" time="0.013">
    </testcase>
  </testsuite>
  <testsuite name="supabase auth config" errors="0" failures="0" skipped="0" timestamp="2026-06-13T21:01:46" time="0.216" tests="1">
    <testcase classname="supabase auth config supabase auth flow (smoke)" name="supabase auth config supabase auth flow (smoke)" time="0.031">
    </testcase>
  </testsuite>
  <testsuite name="supabaseAdapter ingest integration" errors="0" failures="0" skipped="0" timestamp="2026-06-13T21:01:46" time="0.142" tests="1">
    <testcase classname="supabaseAdapter ingest integration posts to ingest url when provided" name="supabaseAdapter ingest integration posts to ingest url when provided" time="0.102">
    </testcase>
  </testsuite>
  <testsuite name="Student progress persistence and UI" errors="0" failures="0" skipped="0" timestamp="2026-06-13T21:01:46" time="0.085" tests="7">
    <testcase classname="Student progress persistence and UI empty localStorage initialization" name="Student progress persistence and UI empty localStorage initialization" time="0.006">
    </testcase>
    <testcase classname="Student progress persistence and UI storage write/read" name="Student progress persistence and UI storage write/read" time="0.005">
    </testcase>
    <testcase classname="Student progress persistence and UI resume button visibility" name="Student progress persistence and UI resume button visibility" time="0.013">
    </testcase>
    <testcase classname="Student progress persistence and UI clicking scenario updates last_scenario and progress entry" name="Student progress persistence and UI clicking scenario updates last_scenario and progress entry" time="0.006">
    </testcase>
    <testcase classname="Student progress persistence and UI reset behavior clears storage and rerenders" name="Student progress persistence and UI reset behavior clears storage and rerenders" time="0.007">
    </testcase>
    <testcase classname="Student progress persistence and UI badge rendering and progress summary counts" name="Student progress persistence and UI badge rendering and progress summary counts" time="0.006">
    </testcase>
    <testcase classname="Student progress persistence and UI corrupted localStorage recovery" name="Student progress persistence and UI corrupted localStorage recovery" time="0.004">
    </testcase>
  </testsuite>
  <testsuite name="Attempts API endpoints (mocked Supabase)" errors="0" failures="0" skipped="0" timestamp="2026-06-13T21:01:46" time="0.109" tests="4">
    <testcase classname="Attempts API endpoints (mocked Supabase) save endpoint returns 200 with id on success" name="Attempts API endpoints (mocked Supabase) save endpoint returns 200 with id on success" time="0.049">
    </testcase>
    <testcase classname="Attempts API endpoints (mocked Supabase) load endpoint returns attempt when present" name="Attempts API endpoints (mocked Supabase) load endpoint returns attempt when present" time="0.003">
    </testcase>
    <testcase classname="Attempts API endpoints (mocked Supabase) save endpoint returns 200 with id on success" name="Attempts API endpoints (mocked Supabase) save endpoint returns 200 with id on success" time="0.02">
    </testcase>
    <testcase classname="Attempts API endpoints (mocked Supabase) load endpoint returns attempt when present" name="Attempts API endpoints (mocked Supabase) load endpoint returns attempt when present" time="0.001">
    </testcase>
  </testsuite>
  <testsuite name="undefined" errors="0" failures="0" skipped="0" timestamp="2026-06-13T21:01:47" time="0.104" tests="4">
    <testcase classname=" SSE handler sets headers and writes event data including id and event" name=" SSE handler sets headers and writes event data including id and event" time="0.024">
    </testcase>
    <testcase classname=" POST /api/telemetry/events rejects invalid event" name=" POST /api/telemetry/events rejects invalid event" time="0.008">
    </testcase>
    <testcase classname=" POST /api/telemetry/events rejects oversized payload with 413 payload_too_large" name=" POST /api/telemetry/events rejects oversized payload with 413 payload_too_large" time="0.001">
    </testcase>
    <testcase classname=" POST /api/telemetry/events accepts pre-parsed body and enforces size from content-length" name=" POST /api/telemetry/events accepts pre-parsed body and enforces size from content-length" time="0">
    </testcase>
  </testsuite>
  <testsuite name="Telemetry export endpoints" errors="0" failures="0" skipped="0" timestamp="2026-06-13T21:01:47" time="0.103" tests="5">
    <testcase classname="Telemetry export endpoints JSON export returns telemetry events and count" name="Telemetry export endpoints JSON export returns telemetry events and count" time="0.006">
    </testcase>
    <testcase classname="Telemetry export endpoints JSON export includes storage error message when unavailable" name="Telemetry export endpoints JSON export includes storage error message when unavailable" time="0.003">
    </testcase>
    <testcase classname="Telemetry export endpoints JSON export returns 500 when storage throws unexpectedly" name="Telemetry export endpoints JSON export returns 500 when storage throws unexpectedly" time="0.003">
    </testcase>
    <testcase classname="Telemetry export endpoints CSV export writes escaped rows and attachment headers" name="Telemetry export endpoints CSV export writes escaped rows and attachment headers" time="0.004">
    </testcase>
    <testcase classname="Telemetry export endpoints CSV export returns header on storage failure and thrown errors" name="Telemetry export endpoints CSV export returns header on storage failure and thrown errors" time="0.005">
    </testcase>
  </testsuite>
  <testsuite name="undefined" errors="0" failures="0" skipped="0" timestamp="2026-06-13T21:01:47" time="0.117" tests="1">
    <testcase classname=" supabase-route integration (script) runs" name=" supabase-route integration (script) runs" time="0.054">
    </testcase>
  </testsuite>
  <testsuite name="scenario asset normalizer" errors="0" failures="0" skipped="0" timestamp="2026-06-13T21:01:47" time="0.101" tests="1">
    <testcase classname="scenario asset normalizer normalizer runs and report matches registry length" name="scenario asset normalizer normalizer runs and report matches registry length" time="0.062">
    </testcase>
  </testsuite>
  <testsuite name="undefined" errors="0" failures="0" skipped="0" timestamp="2026-06-13T21:01:47" time="0.093" tests="1">
    <testcase classname=" analytics routes integration (script) runs" name=" analytics routes integration (script) runs" time="0.016">
    </testcase>
  </testsuite>
  <testsuite name="GET /api/telemetry/history" errors="0" failures="0" skipped="0" timestamp="2026-06-13T21:01:47" time="0.098" tests="4">
    <testcase classname="GET /api/telemetry/history returns empty data when storage not configured" name="GET /api/telemetry/history returns empty data when storage not configured" time="0.005">
    </testcase>
    <testcase classname="GET /api/telemetry/history returns events with session filter and limit" name="GET /api/telemetry/history returns events with session filter and limit" time="0.003">
    </testcase>
    <testcase classname="GET /api/telemetry/history enforces hard max limit" name="GET /api/telemetry/history enforces hard max limit" time="0.003">
    </testcase>
    <testcase classname="GET /api/telemetry/history runs route middleware before returning telemetry history" name="GET /api/telemetry/history runs route middleware before returning telemetry history" time="0.003">
    </testcase>
  </testsuite>
  <testsuite name="DiagnosticEngine unit tests" errors="0" failures="0" skipped="0" timestamp="2026-06-13T21:01:47" time="0.047" tests="4">
    <testcase classname="DiagnosticEngine unit tests applyEvidenceToModel updates fault probabilities for battery" name="DiagnosticEngine unit tests applyEvidenceToModel updates fault probabilities for battery" time="0.003">
    </testcase>
    <testcase classname="DiagnosticEngine unit tests useTool records evidence and sets weight and updates probabilities" name="DiagnosticEngine unit tests useTool records evidence and sets weight and updates probabilities" time="0.002">
    </testcase>
    <testcase classname="DiagnosticEngine unit tests applyDiagnosisWithConfidence marks correct and updates score" name="DiagnosticEngine unit tests applyDiagnosisWithConfidence marks correct and updates score" time="0.001">
    </testcase>
    <testcase classname="DiagnosticEngine unit tests applyDiagnosisWithConfidence handles incorrect diagnosis without throwing" name="DiagnosticEngine unit tests applyDiagnosisWithConfidence handles incorrect diagnosis without throwing" time="0.001">
    </testcase>
  </testsuite>
  <testsuite name="initHeroCta" errors="0" failures="0" skipped="0" timestamp="2026-06-13T21:01:47" time="0.078" tests="21">
    <testcase classname="initHeroCta does not throw when no [data-hero-cta] element exists" name="initHeroCta does not throw when no [data-hero-cta] element exists" time="0.002">
    </testcase>
    <testcase classname="telemetry — hero_cta_click fires immediately on click before async work" name="telemetry — hero_cta_click fires immediately on click before async work" time="0.003">
    </testcase>
    <testcase classname="telemetry — hero_cta_click includes scenarioId in the payload" name="telemetry — hero_cta_click includes scenarioId in the payload" time="0.001">
    </testcase>
    <testcase classname="debounce guard — 300 ms (HERO-004) calls loadDemoScenario once on 5 rapid clicks within 200 ms" name="debounce guard — 300 ms (HERO-004) calls loadDemoScenario once on 5 rapid clicks within 200 ms" time="0.003">
    </testcase>
    <testcase classname="debounce guard — 300 ms (HERO-004) allows a second activation after 300 ms" name="debounce guard — 300 ms (HERO-004) allows a second activation after 300 ms" time="0.002">
    </testcase>
    <testcase classname="debounce guard — 300 ms (HERO-004) reuses in-flight Promise — no second load while one is pending" name="debounce guard — 300 ms (HERO-004) reuses in-flight Promise — no second load while one is pending" time="0.002">
    </testcase>
    <testcase classname="ARIA loading state — HERO-004 sets aria-busy and disabled during load" name="ARIA loading state — HERO-004 sets aria-busy and disabled during load" time="0.001">
    </testcase>
    <testcase classname="ARIA loading state — HERO-004 restores button state after success" name="ARIA loading state — HERO-004 restores button state after success" time="0.002">
    </testcase>
    <testcase classname="ARIA loading state — HERO-004 restores button state after failure" name="ARIA loading state — HERO-004 restores button state after failure" time="0.002">
    </testcase>
    <testcase classname="telemetry — load lifecycle (HERO-005) fires hero_demo_load_start on invocation" name="telemetry — load lifecycle (HERO-005) fires hero_demo_load_start on invocation" time="0.001">
    </testcase>
    <testcase classname="telemetry — load lifecycle (HERO-005) fires hero_demo_load_success with non-negative duration_ms" name="telemetry — load lifecycle (HERO-005) fires hero_demo_load_success with non-negative duration_ms" time="0.001">
    </testcase>
    <testcase classname="telemetry — load lifecycle (HERO-005) fires hero_demo_load_fail on rejection" name="telemetry — load lifecycle (HERO-005) fires hero_demo_load_fail on rejection" time="0.001">
    </testcase>
    <testcase classname="keyboard accessibility — HERO-006 activates on Space and prevents default page scroll" name="keyboard accessibility — HERO-006 activates on Space and prevents default page scroll" time="0.001">
    </testcase>
    <testcase classname="keyboard accessibility — HERO-006 does not activate on Tab, Escape, or ArrowDown" name="keyboard accessibility — HERO-006 does not activate on Tab, Escape, or ArrowDown" time="0.001">
    </testcase>
    <testcase classname="keyboard accessibility — HERO-006 moves focus to .demo-container after successful load" name="keyboard accessibility — HERO-006 moves focus to .demo-container after successful load" time="0.002">
    </testcase>
    <testcase classname="error toast — §4 populates [data-hero-toast] on load failure" name="error toast — §4 populates [data-hero-toast] on load failure" time="0.001">
    </testcase>
    <testcase classname="error toast — §4 auto-dismisses toast after 5 000 ms" name="error toast — §4 auto-dismisses toast after 5 000 ms" time="0.001">
    </testcase>
    <testcase classname="scroll mode — HERO-002 calls window.scrollTo when mode is &quot;scroll&quot;" name="scroll mode — HERO-002 calls window.scrollTo when mode is &quot;scroll&quot;" time="0.001">
    </testcase>
    <testcase classname="scroll mode — HERO-002 uses behavior:&quot;auto&quot; when prefers-reduced-motion is active" name="scroll mode — HERO-002 uses behavior:&quot;auto&quot; when prefers-reduced-motion is active" time="0.001">
    </testcase>
    <testcase classname="scroll mode — HERO-002 warns and does not throw when scroll target is missing" name="scroll mode — HERO-002 warns and does not throw when scroll target is missing" time="0.001">
    </testcase>
    <testcase classname="error fallback scroll — §4 scrolls to #demo-section when loadDemoScenario rejects" name="error fallback scroll — §4 scrolls to #demo-section when loadDemoScenario rejects" time="0.001">
    </testcase>
  </testsuite>
  <testsuite name="ASE procedural assessment" errors="0" failures="0" skipped="0" timestamp="2026-06-13T21:01:47" time="0.053" tests="3">
    <testcase classname="ASE procedural assessment checklist renders for scenario" name="ASE procedural assessment checklist renders for scenario" time="0.006">
    </testcase>
    <testcase classname="ASE procedural assessment step completion toggles and completion state appears" name="ASE procedural assessment step completion toggles and completion state appears" time="0.005">
    </testcase>
    <testcase classname="ASE procedural assessment safety acknowledgement required for hybrid-ev" name="ASE procedural assessment safety acknowledgement required for hybrid-ev" time="0.003">
    </testcase>
  </testsuite>
  <testsuite name="loadDemoScenario" errors="0" failures="0" skipped="0" timestamp="2026-06-13T21:01:47" time="0.074" tests="12">
    <testcase classname="loadDemoScenario happy path resolves with { id, config } for a known scenario id" name="loadDemoScenario happy path resolves with { id, config } for a known scenario id" time="0.007">
    </testcase>
    <testcase classname="loadDemoScenario happy path fetches hero-scenarios.json exactly once across multiple calls" name="loadDemoScenario happy path fetches hero-scenarios.json exactly once across multiple calls" time="0.002">
    </testcase>
    <testcase classname="loadDemoScenario happy path resolves with correct config for the &quot;startup&quot; scenario" name="loadDemoScenario happy path resolves with correct config for the &quot;startup&quot; scenario" time="0.001">
    </testcase>
    <testcase classname="loadDemoScenario unknown-id fallback falls back to &quot;demo-default&quot; when requested id is missing" name="loadDemoScenario unknown-id fallback falls back to &quot;demo-default&quot; when requested id is missing" time="0.002">
    </testcase>
    <testcase classname="loadDemoScenario unknown-id fallback throws if &quot;demo-default&quot; is also missing from config" name="loadDemoScenario unknown-id fallback throws if &quot;demo-default&quot; is also missing from config" time="0.004">
    </testcase>
    <testcase classname="loadDemoScenario config fetch failure rejects when hero-scenarios.json returns non-ok status" name="loadDemoScenario config fetch failure rejects when hero-scenarios.json returns non-ok status" time="0.002">
    </testcase>
    <testcase classname="loadDemoScenario config fetch failure rejects when fetch itself throws a network error" name="loadDemoScenario config fetch failure rejects when fetch itself throws a network error" time="0.004">
    </testcase>
    <testcase classname="loadDemoScenario timeout — 10 s (docs/hero-cta.md §4) rejects after 10 000 ms if config fetch never resolves" name="loadDemoScenario timeout — 10 s (docs/hero-cta.md §4) rejects after 10 000 ms if config fetch never resolves" time="0.003">
    </testcase>
    <testcase classname="loadDemoScenario timeout — 10 s (docs/hero-cta.md §4) resolves when fetch completes well before the threshold" name="loadDemoScenario timeout — 10 s (docs/hero-cta.md §4) resolves when fetch completes well before the threshold" time="0.002">
    </testcase>
    <testcase classname="loadDemoScenario asset prefetch injects &lt;link rel=&quot;prefetch&quot;&gt; for each declared assetUrl" name="loadDemoScenario asset prefetch injects &lt;link rel=&quot;prefetch&quot;&gt; for each declared assetUrl" time="0.002">
    </testcase>
    <testcase classname="loadDemoScenario asset prefetch resolves even if a single asset prefetch fails (non-fatal)" name="loadDemoScenario asset prefetch resolves even if a single asset prefetch fails (non-fatal)" time="0.002">
    </testcase>
    <testcase classname="loadDemoScenario config caching does not re-fetch on subsequent calls" name="loadDemoScenario config caching does not re-fetch on subsequent calls" time="0.002">
    </testcase>
  </testsuite>
  <testsuite name="API app-version header" errors="0" failures="0" skipped="0" timestamp="2026-06-13T21:01:48" time="0.069" tests="3">
    <testcase classname="API app-version header attempts/load sets x-app-version" name="API app-version header attempts/load sets x-app-version" time="0">
    </testcase>
    <testcase classname="API app-version header attempts/save sets x-app-version" name="API app-version header attempts/save sets x-app-version" time="0">
    </testcase>
    <testcase classname="API app-version header analytics handlers set x-app-version" name="API app-version header analytics handlers set x-app-version" time="0.003">
    </testcase>
  </testsuite>
  <testsuite name="Student dashboard grid" errors="0" failures="0" skipped="0" timestamp="2026-06-13T21:01:48" time="0.06" tests="4">
    <testcase classname="Student dashboard grid renders 17 cards" name="Student dashboard grid renders 17 cards" time="0.001">
    </testcase>
    <testcase classname="Student dashboard grid no duplicate scenario IDs in registry" name="Student dashboard grid no duplicate scenario IDs in registry" time="0">
    </testcase>
    <testcase classname="Student dashboard grid each card has a valid route" name="Student dashboard grid each card has a valid route" time="0.011">
    </testcase>
    <testcase classname="Student dashboard grid keyboard activation works (Enter/Space)" name="Student dashboard grid keyboard activation works (Enter/Space)" time="0.001">
    </testcase>
  </testsuite>
  <testsuite name="SchedulerKernel" errors="0" failures="0" skipped="0" timestamp="2026-06-13T21:01:48" time="0.061" tests="7">
    <testcase classname="SchedulerKernel runs higher priority processes first" name="SchedulerKernel runs higher priority processes first" time="0.001">
    </testcase>
    <testcase classname="SchedulerKernel moves completed process to completed queue" name="SchedulerKernel moves completed process to completed queue" time="0">
    </testcase>
    <testcase classname="SchedulerKernel requeues unfinished process" name="SchedulerKernel requeues unfinished process" time="0">
    </testcase>
    <testcase classname="SchedulerKernel moves failed process to failed queue" name="SchedulerKernel moves failed process to failed queue" time="0.001">
    </testcase>
    <testcase classname="SchedulerKernel moves over-quota process to paused queue" name="SchedulerKernel moves over-quota process to paused queue" time="0">
    </testcase>
    <testcase classname="SchedulerKernel throws backpressure error when ready queue is full" name="SchedulerKernel throws backpressure error when ready queue is full" time="0.007">
    </testcase>
    <testcase classname="SchedulerKernel respects maxConcurrent limit" name="SchedulerKernel respects maxConcurrent limit" time="0.007">
    </testcase>
  </testsuite>
  <testsuite name="track() — delivery surface priority" errors="0" failures="0" skipped="0" timestamp="2026-06-13T21:01:48" time="0.049" tests="15">
    <testcase classname="track() — delivery surface priority calls window.__torquemind_track when present (highest priority)" name="track() — delivery surface priority calls window.__torquemind_track when present (highest priority)" time="0.001">
    </testcase>
    <testcase classname="track() — delivery surface priority does not fall through to window.analytics when __torquemind_track is set" name="track() — delivery surface priority does not fall through to window.analytics when __torquemind_track is set" time="0.001">
    </testcase>
    <testcase classname="track() — delivery surface priority calls window.analytics.track when present and no bridge exists" name="track() — delivery surface priority calls window.analytics.track when present and no bridge exists" time="0">
    </testcase>
    <testcase classname="track() — delivery surface priority falls back to navigator.sendBeacon when window.analytics is absent" name="track() — delivery surface priority falls back to navigator.sendBeacon when window.analytics is absent" time="0.001">
    </testcase>
    <testcase classname="track() — delivery surface priority does not throw when no analytics surface is available" name="track() — delivery surface priority does not throw when no analytics surface is available" time="0">
    </testcase>
    <testcase classname="track() — beacon payload schema includes event name in the beacon payload" name="track() — beacon payload schema includes event name in the beacon payload" time="0">
    </testcase>
    <testcase classname="track() — beacon payload schema includes all passed properties in the beacon payload" name="track() — beacon payload schema includes all passed properties in the beacon payload" time="0">
    </testcase>
    <testcase classname="track() — no PII in payloads hero_cta_click payload contains no PII fields" name="track() — no PII in payloads hero_cta_click payload contains no PII fields" time="0.001">
    </testcase>
    <testcase classname="track() — no PII in payloads hero_demo_load_start payload contains no PII fields" name="track() — no PII in payloads hero_demo_load_start payload contains no PII fields" time="0">
    </testcase>
    <testcase classname="track() — no PII in payloads hero_demo_load_success payload contains no PII fields" name="track() — no PII in payloads hero_demo_load_success payload contains no PII fields" time="0.001">
    </testcase>
    <testcase classname="track() — no PII in payloads hero_demo_load_fail payload contains no PII fields" name="track() — no PII in payloads hero_demo_load_fail payload contains no PII fields" time="0">
    </testcase>
    <testcase classname="track() — all four hero events are accepted hero_cta_click does not throw" name="track() — all four hero events are accepted hero_cta_click does not throw" time="0.001">
    </testcase>
    <testcase classname="track() — all four hero events are accepted hero_demo_load_start does not throw" name="track() — all four hero events are accepted hero_demo_load_start does not throw" time="0">
    </testcase>
    <testcase classname="track() — all four hero events are accepted hero_demo_load_success does not throw" name="track() — all four hero events are accepted hero_demo_load_success does not throw" time="0.001">
    </testcase>
    <testcase classname="track() — all four hero events are accepted hero_demo_load_fail does not throw" name="track() — all four hero events are accepted hero_demo_load_fail does not throw" time="0">
    </testcase>
  </testsuite>
  <testsuite name="scenario-registry normalization" errors="0" failures="0" skipped="0" timestamp="2026-06-13T21:01:48" time="0.042" tests="4">
    <testcase classname="scenario-registry normalization registry exposes unique ids and id exists for every entry" name="scenario-registry normalization registry exposes unique ids and id exists for every entry" time="0.001">
    </testcase>
    <testcase classname="scenario-registry normalization title fallback uses symptoms when title absent" name="scenario-registry normalization title fallback uses symptoms when title absent" time="0.001">
    </testcase>
    <testcase classname="scenario-registry normalization difficulty numeric maps to skill levels" name="scenario-registry normalization difficulty numeric maps to skill levels" time="0.001">
    </testcase>
    <testcase classname="scenario-registry normalization aseArea preserved when provided and defaults to empty string when missing" name="scenario-registry normalization aseArea preserved when provided and defaults to empty string when missing" time="0">
    </testcase>
  </testsuite>
  <testsuite name="Student dashboard" errors="0" failures="0" skipped="0" timestamp="2026-06-13T21:01:48" time="0.053" tests="2">
    <testcase classname="Student dashboard renders grid with at least one card" name="Student dashboard renders grid with at least one card" time="0.007">
    </testcase>
    <testcase classname="Student dashboard opens detail when clicking card" name="Student dashboard opens detail when clicking card" time="0.007">
    </testcase>
  </testsuite>
  <testsuite name="Student dashboard keyboard interactions" errors="0" failures="0" skipped="0" timestamp="2026-06-13T21:01:48" time="0.069" tests="2">
    <testcase classname="Student dashboard keyboard interactions Enter opens detail and Escape returns focus to opener" name="Student dashboard keyboard interactions Enter opens detail and Escape returns focus to opener" time="0.011">
    </testcase>
    <testcase classname="Student dashboard keyboard interactions Space opens detail and back button is focusable" name="Student dashboard keyboard interactions Space opens detail and back button is focusable" time="0.007">
    </testcase>
  </testsuite>
  <testsuite name="Attempt store scaffold" errors="0" failures="0" skipped="0" timestamp="2026-06-13T21:01:48" time="0.052" tests="3">
    <testcase classname="Attempt store scaffold student save and restore state" name="Attempt store scaffold student save and restore state" time="0.006">
    </testcase>
    <testcase classname="Attempt store scaffold ASE save, restore and reset" name="Attempt store scaffold ASE save, restore and reset" time="0.003">
    </testcase>
    <testcase classname="Attempt store scaffold scenario switch resets incompatible attempt data" name="Attempt store scaffold scenario switch resets incompatible attempt data" time="0.002">
    </testcase>
  </testsuite>
  <testsuite name="worker integration" errors="0" failures="0" skipped="0" timestamp="2026-06-13T21:01:48" time="0.046" tests="1">
    <testcase classname="worker integration job executes end-to-end and returns candidates" name="worker integration job executes end-to-end and returns candidates" time="0.003">
    </testcase>
  </testsuite>
  <testsuite name="fs mock repro" errors="0" failures="0" skipped="0" timestamp="2026-06-13T21:01:48" time="0.047" tests="3">
    <testcase classname="fs mock repro jest.mock before require" name="fs mock repro jest.mock before require" time="0.006">
    </testcase>
    <testcase classname="fs mock repro doMock factory before require" name="fs mock repro doMock factory before require" time="0.001">
    </testcase>
    <testcase classname="fs mock repro require before mock" name="fs mock repro require before mock" time="0.001">
    </testcase>
  </testsuite>
  <testsuite name="replay-job CLI/module" errors="0" failures="0" skipped="0" timestamp="2026-06-13T21:01:48" time="0.054" tests="1">
    <testcase classname="replay-job CLI/module replays a failed job and updates final state" name="replay-job CLI/module replays a failed job and updates final state" time="0.013">
    </testcase>
  </testsuite>
  <testsuite name="fs mock ordering repro" errors="0" failures="0" skipped="0" timestamp="2026-06-13T21:01:48" time="0.048" tests="3">
    <testcase classname="fs mock ordering repro hoisted jest.mock at top (auto-mock) behaves as expected" name="fs mock ordering repro hoisted jest.mock at top (auto-mock) behaves as expected" time="0.006">
    </testcase>
    <testcase classname="fs mock ordering repro jest.doMock before require applies dynamic mock" name="fs mock ordering repro jest.doMock before require applies dynamic mock" time="0.002">
    </testcase>
    <testcase classname="fs mock ordering repro require fs then set mockReturnValue then require aggregator" name="fs mock ordering repro require fs then set mockReturnValue then require aggregator" time="0.001">
    </testcase>
  </testsuite>
  <testsuite name="telemetry storage adapter" errors="0" failures="0" skipped="0" timestamp="2026-06-13T21:01:48" time="0.05" tests="6">
    <testcase classname="telemetry storage adapter saveTelemetryEvent maps fields and inserts row when configured" name="telemetry storage adapter saveTelemetryEvent maps fields and inserts row when configured" time="0.002">
    </testcase>
    <testcase classname="telemetry storage adapter saveTelemetryEvent returns storage error when insert fails" name="telemetry storage adapter saveTelemetryEvent returns storage error when insert fails" time="0.001">
    </testcase>
    <testcase classname="telemetry storage adapter listTelemetryEvents applies limit and session filter when provided" name="telemetry storage adapter listTelemetryEvents applies limit and session filter when provided" time="0.002">
    </testcase>
    <testcase classname="telemetry storage adapter listTelemetryEvents returns data without session filter" name="telemetry storage adapter listTelemetryEvents returns data without session filter" time="0.001">
    </testcase>
    <testcase classname="telemetry storage adapter listTelemetryEvents surfaces storage errors" name="telemetry storage adapter listTelemetryEvents surfaces storage errors" time="0.001">
    </testcase>
    <testcase classname="telemetry storage adapter adapter fails gracefully when supabase is not configured" name="telemetry storage adapter adapter fails gracefully when supabase is not configured" time="0.001">
    </testcase>
  </testsuite>
  <testsuite name="api-client version mismatch detection" errors="0" failures="0" skipped="0" timestamp="2026-06-13T21:01:48" time="0.048" tests="3">
    <testcase classname="api-client version mismatch detection no x-app-version header -&gt; passthrough" name="api-client version mismatch detection no x-app-version header -&gt; passthrough" time="0.004">
    </testcase>
    <testcase classname="api-client version mismatch detection mismatch triggers onStale and retry once" name="api-client version mismatch detection mismatch triggers onStale and retry once" time="0.001">
    </testcase>
    <testcase classname="api-client version mismatch detection still stale after retry -&gt; forceReload hint" name="api-client version mismatch detection still stale after retry -&gt; forceReload hint" time="0.002">
    </testcase>
  </testsuite>
  <testsuite name="undefined" errors="0" failures="0" skipped="0" timestamp="2026-06-13T21:01:48" time="0.044" tests="7">
    <testcase classname=" decayFlapCount reduces by steps based on days" name=" decayFlapCount reduces by steps based on days" time="0.001">
    </testcase>
    <testcase classname=" decayFlapCount never negative" name=" decayFlapCount never negative" time="0">
    </testcase>
    <testcase classname=" shouldReopen enforces minOccurrences and backoff" name=" shouldReopen enforces minOccurrences and backoff" time="0">
    </testcase>
    <testcase classname=" applyReopenMetadata attaches flap_count and reopened flag" name=" applyReopenMetadata attaches flap_count and reopened flag" time="0">
    </testcase>
    <testcase classname=" evaluateSignals: strong signal should reopen" name=" evaluateSignals: strong signal should reopen" time="0">
    </testcase>
    <testcase classname=" evaluateSignals: no signals yields no reopen" name=" evaluateSignals: no signals yields no reopen" time="0">
    </testcase>
    <testcase classname=" evaluateSignals: high flapCount lowers score" name=" evaluateSignals: high flapCount lowers score" time="0">
    </testcase>
  </testsuite>
  <testsuite name="undefined" errors="0" failures="0" skipped="0" timestamp="2026-06-13T21:01:48" time="0.045" tests="2">
    <testcase classname=" parseArtifact accepts direct JSON object" name=" parseArtifact accepts direct JSON object" time="0.001">
    </testcase>
    <testcase classname=" parseArtifact extracts JSON from a buffer containing JSON" name=" parseArtifact extracts JSON from a buffer containing JSON" time="0">
    </testcase>
  </testsuite>
  <testsuite name="aggregateSessions" errors="0" failures="0" skipped="0" timestamp="2026-06-13T21:01:48" time="0.044" tests="2">
    <testcase classname="aggregateSessions aggregates totalSessions, averageConfidence and per-student stats from JSON report" name="aggregateSessions aggregates totalSessions, averageConfidence and per-student stats from JSON report" time="0.004">
    </testcase>
    <testcase classname="aggregateSessions returns empty shape when no report files exist" name="aggregateSessions returns empty shape when no report files exist" time="0.003">
    </testcase>
  </testsuite>
  <testsuite name="undefined" errors="0" failures="0" skipped="0" timestamp="2026-06-13T21:01:49" time="0.04" tests="1">
    <testcase classname=" supabase token auth scaffold runs" name=" supabase token auth scaffold runs" time="0.002">
    </testcase>
  </testsuite>
  <testsuite name="Student dashboard hotspots" errors="0" failures="0" skipped="0" timestamp="2026-06-13T21:01:49" time="0.046" tests="1">
    <testcase classname="Student dashboard hotspots hotspot click opens detail panel" name="Student dashboard hotspots hotspot click opens detail panel" time="0.007">
    </testcase>
  </testsuite>
  <testsuite name="OBD2 diagnostic rubric" errors="0" failures="0" skipped="0" timestamp="2026-06-13T21:01:49" time="0.045" tests="2">
    <testcase classname="OBD2 diagnostic rubric calculateScore returns expected weighted total and pass/fail" name="OBD2 diagnostic rubric calculateScore returns expected weighted total and pass/fail" time="0.001">
    </testcase>
    <testcase classname="OBD2 diagnostic rubric thresholds and scenario rubric switching" name="OBD2 diagnostic rubric thresholds and scenario rubric switching" time="0.005">
    </testcase>
  </testsuite>
  <testsuite name="aggregateStudents" errors="0" failures="0" skipped="0" timestamp="2026-06-13T21:01:49" time="0.044" tests="2">
    <testcase classname="aggregateStudents computes per-student averages and totals from JSON report" name="aggregateStudents computes per-student averages and totals from JSON report" time="0.003">
    </testcase>
    <testcase classname="aggregateStudents returns empty list when no report available" name="aggregateStudents returns empty list when no report available" time="0.002">
    </testcase>
  </testsuite>
  <testsuite name="undefined" errors="0" failures="0" skipped="0" timestamp="2026-06-13T21:01:49" time="0.045" tests="1">
    <testcase classname=" session-summary tool generates expected report" name=" session-summary tool generates expected report" time="0.002">
    </testcase>
  </testsuite>
  <testsuite name="OBD2 student diagnostic workflow" errors="0" failures="0" skipped="0" timestamp="2026-06-13T21:01:49" time="0.043" tests="1">
    <testcase classname="OBD2 student diagnostic workflow renders workflow, allows test selection, entering diagnosis, and submit shows feedback; scenario switch resets" name="OBD2 student diagnostic workflow renders workflow, allows test selection, entering diagnosis, and submit shows feedback; scenario switch resets" time="0.004">
    </testcase>
  </testsuite>
  <testsuite name="OBD2 dashboard rendering" errors="0" failures="0" skipped="0" timestamp="2026-06-13T21:01:49" time="0.045" tests="1">
    <testcase classname="OBD2 dashboard rendering renders gauges and DTCs and switches scenario" name="OBD2 dashboard rendering renders gauges and DTCs and switches scenario" time="0.005">
    </testcase>
  </testsuite>
  <testsuite name="undefined" errors="0" failures="0" skipped="0" timestamp="2026-06-13T21:01:49" time="0.042" tests="2">
    <testcase classname=" normalizeFindings maps tests to findings" name=" normalizeFindings maps tests to findings" time="0.001">
    </testcase>
    <testcase classname=" detectRegressionSignals uses graphModel.getCauses" name=" detectRegressionSignals uses graphModel.getCauses" time="0.001">
    </testcase>
  </testsuite>
  <testsuite name="telemetry storage adapter" errors="0" failures="0" skipped="0" timestamp="2026-06-13T21:01:49" time="0.044" tests="3">
    <testcase classname="telemetry storage adapter saveTelemetryEvent uses supabase insert when configured" name="telemetry storage adapter saveTelemetryEvent uses supabase insert when configured" time="0.002">
    </testcase>
    <testcase classname="telemetry storage adapter listTelemetryEvents queries with sessionId and limit" name="telemetry storage adapter listTelemetryEvents queries with sessionId and limit" time="0.001">
    </testcase>
    <testcase classname="telemetry storage adapter adapter fails gracefully when supabase not configured" name="telemetry storage adapter adapter fails gracefully when supabase not configured" time="0.001">
    </testcase>
  </testsuite>
  <testsuite name="OBD2 gauges and DTC detail panel" errors="0" failures="0" skipped="0" timestamp="2026-06-13T21:01:49" time="0.043" tests="1">
    <testcase classname="OBD2 gauges and DTC detail panel renders animated gauges, updates on scenario switch, shows DTC detail" name="OBD2 gauges and DTC detail panel renders animated gauges, updates on scenario switch, shows DTC detail" time="0.004">
    </testcase>
  </testsuite>
  <testsuite name="matchesFilter pure function" errors="0" failures="0" skipped="0" timestamp="2026-06-13T21:01:49" time="0.042" tests="7">
    <testcase classname="matchesFilter pure function empty filters return true" name="matchesFilter pure function empty filters return true" time="0.001">
    </testcase>
    <testcase classname="matchesFilter pure function search term matches title" name="matchesFilter pure function search term matches title" time="0">
    </testcase>
    <testcase classname="matchesFilter pure function category filtering works" name="matchesFilter pure function category filtering works" time="0">
    </testcase>
    <testcase classname="matchesFilter pure function difficulty filtering works" name="matchesFilter pure function difficulty filtering works" time="0">
    </testcase>
    <testcase classname="matchesFilter pure function ASE filtering works" name="matchesFilter pure function ASE filtering works" time="0">
    </testcase>
    <testcase classname="matchesFilter pure function combined filters use logical AND" name="matchesFilter pure function combined filters use logical AND" time="0">
    </testcase>
    <testcase classname="matchesFilter pure function unknown filter values behave correctly (no match)" name="matchesFilter pure function unknown filter values behave correctly (no match)" time="0">
    </testcase>
  </testsuite>
  <testsuite name="undefined" errors="0" failures="0" skipped="0" timestamp="2026-06-13T21:01:49" time="0.042" tests="3">
    <testcase classname=" getCauses returns causes for known symptom" name=" getCauses returns causes for known symptom" time="0.001">
    </testcase>
    <testcase classname=" getCauses returns empty array for unknown symptom" name=" getCauses returns empty array for unknown symptom" time="0.001">
    </testcase>
    <testcase classname=" getGraph returns stable structure" name=" getGraph returns stable structure" time="0">
    </testcase>
  </testsuite>
  <testsuite name="fs hoist + resetModules repro" errors="0" failures="0" skipped="0" timestamp="2026-06-13T21:01:49" time="0.041" tests="1">
    <testcase classname="fs hoist + resetModules repro top-level jest.mock + resetModules then set mockReturnValue (should work)" name="fs hoist + resetModules repro top-level jest.mock + resetModules then set mockReturnValue (should work)" time="0.004">
    </testcase>
  </testsuite>
  <testsuite name="debug aggregateSessions mock state" errors="0" failures="0" skipped="0" timestamp="2026-06-13T21:01:49" time="0.042" tests="1">
    <testcase classname="debug aggregateSessions mock state log mock state around require" name="debug aggregateSessions mock state log mock state around require" time="0.004">
    </testcase>
  </testsuite>
  <testsuite name="OBD2 live scan and freeze-frame" errors="0" failures="0" skipped="0" timestamp="2026-06-13T21:01:49" time="0.041" tests="1">
    <testcase classname="OBD2 live scan and freeze-frame live emit and freeze-frame add/show" name="OBD2 live scan and freeze-frame live emit and freeze-frame add/show" time="0.004">
    </testcase>
  </testsuite>
  <testsuite name="Supabase attempt adapter (mocked)" errors="0" failures="0" skipped="0" timestamp="2026-06-13T21:01:49" time="0.041" tests="2">
    <testcase classname="Supabase attempt adapter (mocked) falls back to in-memory store when supabase not configured" name="Supabase attempt adapter (mocked) falls back to in-memory store when supabase not configured" time="0.002">
    </testcase>
    <testcase classname="Supabase attempt adapter (mocked) uses supabase client when available (mocked)" name="Supabase attempt adapter (mocked) uses supabase client when available (mocked)" time="0.001">
    </testcase>
  </testsuite>
  <testsuite name="dashboard/version-sync" errors="0" failures="0" skipped="0" timestamp="2026-06-13T21:01:49" time="0.042" tests="2">
    <testcase classname="dashboard/version-sync checkVersion sets window.APP_VERSION when version.json returned" name="dashboard/version-sync checkVersion sets window.APP_VERSION when version.json returned" time="0.002">
    </testcase>
    <testcase classname="dashboard/version-sync shows reload banner when deployed version changes" name="dashboard/version-sync shows reload banner when deployed version changes" time="0.001">
    </testcase>
  </testsuite>
  <testsuite name="undefined" errors="0" failures="0" skipped="0" timestamp="2026-06-13T21:01:49" time="0.041" tests="1">
    <testcase classname=" telemetry auth integration scaffold runs" name=" telemetry auth integration scaffold runs" time="0.001">
    </testcase>
  </testsuite>
  <testsuite name="undefined" errors="0" failures="0" skipped="0" timestamp="2026-06-13T21:01:49" time="0.047" tests="1">
    <testcase classname=" analytics api functional checks (script) run" name=" analytics api functional checks (script) run" time="0.003">
    </testcase>
  </testsuite>
  <testsuite name="telemetry access" errors="0" failures="0" skipped="0" timestamp="2026-06-13T21:01:49" time="0.043" tests="1">
    <testcase classname="telemetry access script runner completes" name="telemetry access script runner completes" time="0.001">
    </testcase>
  </testsuite>
  <testsuite name="attemptAdapter wiring" errors="0" failures="0" skipped="0" timestamp="2026-06-13T21:01:50" time="0.041" tests="2">
    <testcase classname="attemptAdapter wiring uses in-memory attemptStore by default" name="attemptAdapter wiring uses in-memory attemptStore by default" time="0.002">
    </testcase>
    <testcase classname="attemptAdapter wiring uses supabase adapter when feature flag enabled" name="attemptAdapter wiring uses supabase adapter when feature flag enabled" time="0.001">
    </testcase>
  </testsuite>
  <testsuite name="HERO-002 smooth scroll wiring" errors="0" failures="0" skipped="0" timestamp="2026-06-13T21:01:50" time="0.04" tests="2">
    <testcase classname="HERO-002 smooth scroll wiring wires nav scenarios anchor to an existing #scenarios section" name="HERO-002 smooth scroll wiring wires nav scenarios anchor to an existing #scenarios section" time="0">
    </testcase>
    <testcase classname="HERO-002 smooth scroll wiring enables smooth scrolling globally with reduced-motion fallback" name="HERO-002 smooth scroll wiring enables smooth scrolling globally with reduced-motion fallback" time="0">
    </testcase>
  </testsuite>
  <testsuite name="session history UI runner" errors="0" failures="0" skipped="0" timestamp="2026-06-13T21:01:50" time="0.04" tests="1">
    <testcase classname="session history UI runner child jest completes successfully" name="session history UI runner child jest completes successfully" time="0.001">
    </testcase>
  </testsuite>
  <testsuite name="jest environment" errors="0" failures="0" skipped="0" timestamp="2026-06-13T21:01:50" time="0.039" tests="3">
    <testcase classname="jest environment matchMedia exists" name="jest environment matchMedia exists" time="0.001">
    </testcase>
    <testcase classname="jest environment TextEncoder exists" name="jest environment TextEncoder exists" time="0">
    </testcase>
    <testcase classname="jest environment TextDecoder exists" name="jest environment TextDecoder exists" time="0">
    </testcase>
  </testsuite>
  <testsuite name="jest environment" errors="0" failures="0" skipped="0" timestamp="2026-06-13T21:01:50" time="0.04" tests="3">
    <testcase classname="jest environment matchMedia exists" name="jest environment matchMedia exists" time="0">
    </testcase>
    <testcase classname="jest environment TextEncoder exists" name="jest environment TextEncoder exists" time="0">
    </testcase>
    <testcase classname="jest environment TextDecoder exists" name="jest environment TextDecoder exists" time="0">
    </testcase>
  </testsuite>
  <testsuite name="scenario asset normalization" errors="0" failures="0" skipped="0" timestamp="2026-06-13T21:01:50" time="0.041" tests="2">
    <testcase classname="scenario asset normalization all registry entries have a non-empty image path" name="scenario asset normalization all registry entries have a non-empty image path" time="0">
    </testcase>
    <testcase classname="scenario asset normalization placeholder path is present in assets" name="scenario asset normalization placeholder path is present in assets" time="0">
    </testcase>
  </testsuite>
  <testsuite name="Attempts migration SQL" errors="0" failures="0" skipped="0" timestamp="2026-06-13T21:01:50" time="0.024" tests="1">
    <testcase classname="Attempts migration SQL migration file exists and contains expected statements" name="Attempts migration SQL migration file exists and contains expected statements" time="0.001">
    </testcase>
  </testsuite>
</testsuites>